warning: unused import: `malachitebft_proto::Error as ProtoError`
   --> crates/types/src/proposal_part.rs:286:13
    |
286 |         use malachitebft_proto::Error as ProtoError;
    |             ^^^^^^^^^^^^^^^^^^^^^^^^^^^^^^^^^^^^^^^
    |
    = note: `#[warn(unused_imports)]` on by default

warning: unused import: `tree_hash_derive::TreeHash`
   --> crates/types/src/blob.rs:246:5
    |
246 | use tree_hash_derive::TreeHash;
    |     ^^^^^^^^^^^^^^^^^^^^^^^^^^

warning: `ultramarine-types` (lib) generated 2 warnings (run `cargo fix --lib -p ultramarine-types` to apply 2 suggestions)
warning: method `cf_handle` is never used
  --> crates/blob_engine/src/store/rocksdb.rs:61:8
   |
34 | impl RocksDbBlobStore {
   | --------------------- method in this implementation
...
61 |     fn cf_handle(&self, name: &str) -> Result<&rocksdb::ColumnFamily, BlobStoreError> {
   |        ^^^^^^^^^
   |
   = note: `#[warn(dead_code)]` on by default

warning: method `verify_blob_sidecar` is never used
   --> crates/blob_engine/src/verifier.rs:225:12
    |
132 | impl BlobVerifier {
    | ----------------- method in this implementation
...
225 |     pub fn verify_blob_sidecar(&self, sidecar: &BlobSidecar) -> Result<(), BlobVerificationError> {
    |            ^^^^^^^^^^^^^^^^^^^

warning: missing documentation for a module
  --> crates/blob_engine/src/lib.rs:68:1
   |
68 | pub mod engine;
   | ^^^^^^^^^^^^^^
   |
note: the lint level is defined here
  --> crates/blob_engine/src/lib.rs:65:9
   |
65 | #![warn(missing_docs)]
   |         ^^^^^^^^^^^^

warning: missing documentation for a module
  --> crates/blob_engine/src/lib.rs:69:1
   |
69 | pub mod error;
   | ^^^^^^^^^^^^^

warning: missing documentation for a module
  --> crates/blob_engine/src/lib.rs:70:1
   |
70 | pub mod metrics;
   | ^^^^^^^^^^^^^^^

warning: missing documentation for a module
  --> crates/blob_engine/src/lib.rs:71:1
   |
71 | pub mod store;
   | ^^^^^^^^^^^^^

warning: type does not implement `std::fmt::Debug`; consider adding `#[derive(Debug)]` or a manual implementation
   --> crates/blob_engine/src/engine.rs:154:1
    |
154 | / pub struct BlobEngineImpl<S>
155 | | where
156 | |     S: BlobStore,
...   |
160 | |     metrics: crate::metrics::BlobEngineMetrics,
161 | | }
    | |_^
    |
    = note: requested on the command line with `-W missing-debug-implementations`

warning: missing documentation for a struct field
  --> crates/blob_engine/src/error.rs:35:9
   |
35 |         height: Height,
   |         ^^^^^^^^^^^^^^

warning: missing documentation for a struct field
  --> crates/blob_engine/src/error.rs:36:9
   |
36 |         index: u16,
   |         ^^^^^^^^^^

warning: missing documentation for a struct field
  --> crates/blob_engine/src/error.rs:38:9
   |
38 |         source: BlobVerificationError,
   |         ^^^^^^^^^^^^^^^^^^^^^^^^^^^^^

warning: missing documentation for a struct field
  --> crates/blob_engine/src/error.rs:47:20
   |
47 |     BlobNotFound { height: Height, round: i64, index: u16 },
   |                    ^^^^^^^^^^^^^^

warning: missing documentation for a struct field
  --> crates/blob_engine/src/error.rs:47:36
   |
47 |     BlobNotFound { height: Height, round: i64, index: u16 },
   |                                    ^^^^^^^^^^

warning: missing documentation for a struct field
  --> crates/blob_engine/src/error.rs:47:48
   |
47 |     BlobNotFound { height: Height, round: i64, index: u16 },
   |                                                ^^^^^^^^^^

warning: missing documentation for a struct
  --> crates/blob_engine/src/metrics.rs:13:1
   |
13 | pub struct BlobEngineMetrics(Arc<Inner>);
   | ^^^^^^^^^^^^^^^^^^^^^^^^^^^^

warning: missing documentation for a struct
  --> crates/blob_engine/src/metrics.rs:24:1
   |
24 | pub struct Inner {
   | ^^^^^^^^^^^^^^^^

warning: missing documentation for an associated function
  --> crates/blob_engine/src/metrics.rs:47:5
   |
47 |     pub fn new() -> Self {
   |     ^^^^^^^^^^^^^^^^^^^^

warning: missing documentation for an associated function
  --> crates/blob_engine/src/metrics.rs:75:5
   |
75 |     pub fn new() -> Self {
   |     ^^^^^^^^^^^^^^^^^^^^

warning: missing documentation for an associated function
  --> crates/blob_engine/src/metrics.rs:96:5
   |
96 |     pub fn register(registry: &SharedRegistry) -> Self {
   |     ^^^^^^^^^^^^^^^^^^^^^^^^^^^^^^^^^^^^^^^^^^^^^^^^^^

warning: missing documentation for a module
 --> crates/blob_engine/src/store/mod.rs:9:1
  |
9 | pub mod rocksdb;
  | ^^^^^^^^^^^^^^^

warning: missing documentation for a struct field
  --> crates/blob_engine/src/store/mod.rs:17:5
   |
17 |     pub height: Height,
   |     ^^^^^^^^^^^^^^^^^^

warning: missing documentation for a struct field
  --> crates/blob_engine/src/store/mod.rs:18:5
   |
18 |     pub round: i64, // Round can be negative (Nil = -1)
   |     ^^^^^^^^^^^^^^

warning: missing documentation for a struct field
  --> crates/blob_engine/src/store/mod.rs:19:5
   |
19 |     pub index: u16,
   |     ^^^^^^^^^^^^^^

warning: type does not implement `std::fmt::Debug`; consider adding `#[derive(Debug)]` or a manual implementation
  --> crates/blob_engine/src/store/rocksdb.rs:30:1
   |
30 | / pub struct RocksDbBlobStore {
31 | |     db: Arc<DB>,
32 | | }
   | |_^

warning: unreachable `pub` item
   --> crates/blob_engine/src/verifier.rs:128:1
    |
128 | pub struct BlobVerifier {
    | ---^^^^^^^^^^^^^^^^^^^^
    | |
    | help: consider restricting its visibility: `pub(crate)`
    |
    = help: or consider exporting it for use by other crates
    = note: requested on the command line with `-W unreachable-pub`

warning: unreachable `pub` item
   --> crates/blob_engine/src/verifier.rs:146:5
    |
146 |     pub fn new() -> Result<Self, BlobVerificationError> {
    |     ---^^^^^^^^^^^^^^^^^^^^^^^^^^^^^^^^^^^^^^^^^^^^^^^^
    |     |
    |     help: consider restricting its visibility: `pub(crate)`

warning: unreachable `pub` item
   --> crates/blob_engine/src/verifier.rs:181:5
    |
181 |       pub fn from_trusted_setup_file(
    |       ^--
    |       |
    |  _____help: consider restricting its visibility: `pub(crate)`
    | |
182 | |         trusted_setup_path: &str,
183 | |     ) -> Result<Self, BlobVerificationError> {
    | |____________________________________________^

warning: unreachable `pub` item
   --> crates/blob_engine/src/verifier.rs:225:5
    |
225 |     pub fn verify_blob_sidecar(&self, sidecar: &BlobSidecar) -> Result<(), BlobVerificationError> {
    |     ---^^^^^^^^^^^^^^^^^^^^^^^^^^^^^^^^^^^^^^^^^^^^^^^^^^^^^^^^^^^^^^^^^^^^^^^^^^^^^^^^^^^^^^^^^^
    |     |
    |     help: consider restricting its visibility: `pub(crate)`

warning: unreachable `pub` item
   --> crates/blob_engine/src/verifier.rs:268:5
    |
268 |       pub fn verify_blob_sidecars_batch(
    |       ^--
    |       |
    |  _____help: consider restricting its visibility: `pub(crate)`
    | |
269 | |         &self,
270 | |         sidecars: &[&BlobSidecar],
271 | |     ) -> Result<(), BlobVerificationError> {
    | |__________________________________________^

warning: unreachable `pub` item
  --> crates/blob_engine/src/verifier.rs:72:5
   |
72 |       pub fn deserialize<'de, D, const N: usize>(deserializer: D) -> Result<[u8; N], D::Error>
   |       ^--
   |       |
   |  _____help: consider restricting its visibility: `pub(super)`
   | |
73 | |     where
74 | |         D: Deserializer<'de>,
   | |_____________________________^
   |
   = help: or consider exporting it for use by other crates

warning: type does not implement `std::fmt::Debug`; consider adding `#[derive(Debug)]` or a manual implementation
   --> crates/execution/src/client.rs:490:1
    |
490 | / pub struct ExecutionClientNotifier<'a> {
491 | |     client: &'a ExecutionClient,
492 | | }
    | |_^
    |
    = note: requested on the command line with `-W missing-debug-implementations`

warning: `ultramarine-blob-engine` (lib) generated 29 warnings (run `cargo fix --lib -p ultramarine-blob-engine` to apply 6 suggestions)
warning: `ultramarine-execution` (lib) generated 1 warning
warning: field `state` is never read
   --> crates/test/tests/full_node/node_harness.rs:369:5
    |
367 | struct EngineRpcStub {
    |        ------------- field in this struct
368 |     addr: SocketAddr,
369 |     state: Arc<TokioMutex<StubState>>,
    |     ^^^^^
    |
    = note: `#[warn(dead_code)]` on by default

warning: field `jsonrpc` is never read
   --> crates/test/tests/full_node/node_harness.rs:440:5
    |
439 | struct RpcRequest {
    |        ---------- field in this struct
440 |     jsonrpc: String,
    |     ^^^^^^^

warning: type alias `TestBlobEngine` is never used
  --> crates/test/tests/full_node/../common/mod.rs:47:17
   |
47 | pub(crate) type TestBlobEngine = BlobEngineImpl<RocksDbBlobStore>;
   |                 ^^^^^^^^^^^^^^

warning: type alias `TestState` is never used
  --> crates/test/tests/full_node/../common/mod.rs:50:17
   |
50 | pub(crate) type TestState = State<TestBlobEngine>;
   |                 ^^^^^^^^^

warning: struct `TestDirs` is never constructed
  --> crates/test/tests/full_node/../common/mod.rs:59:19
   |
59 | pub(crate) struct TestDirs {
   |                   ^^^^^^^^

warning: associated items `new` and `root` are never used
  --> crates/test/tests/full_node/../common/mod.rs:70:19
   |
68 | impl TestDirs {
   | ------------- associated items in this implementation
69 |     /// Create a new set of directories under a unique temporary root.
70 |     pub(crate) fn new() -> Self {
   |                   ^^^
...
78 |     pub(crate) fn root(&self) -> &Path {
   |                   ^^^^

warning: method `address` is never used
   --> crates/test/tests/full_node/../common/mod.rs:104:19
    |
 90 | impl ValidatorKey {
    | ----------------- method in this implementation
...
104 |     pub(crate) fn address(&self) -> Address {
    |                   ^^^^^^^

warning: struct `StateHarness` is never constructed
   --> crates/test/tests/full_node/../common/mod.rs:121:19
    |
121 | pub(crate) struct StateHarness {
    |                   ^^^^^^^^^^^^

warning: function `build_state` is never used
   --> crates/test/tests/full_node/../common/mod.rs:127:15
    |
127 | pub(crate) fn build_state(
    |               ^^^^^^^^^^^

warning: function `build_seeded_state` is never used
   --> crates/test/tests/full_node/../common/mod.rs:160:21
    |
160 | pub(crate) async fn build_seeded_state(
    |                     ^^^^^^^^^^^^^^^^^^

warning: function `propose_with_optional_blobs` is never used
   --> crates/test/tests/full_node/../common/mod.rs:173:21
    |
173 | pub(crate) async fn propose_with_optional_blobs(
    |                     ^^^^^^^^^^^^^^^^^^^^^^^^^^^

warning: function `payload_id` is never used
   --> crates/test/tests/full_node/../common/mod.rs:244:15
    |
244 | pub(crate) fn payload_id(byte: u8) -> PayloadId {
    |               ^^^^^^^^^^

warning: function `test_peer_id` is never used
   --> crates/test/tests/full_node/../common/mod.rs:280:15
    |
280 | pub(crate) fn test_peer_id(index: u8) -> PeerId {
    |               ^^^^^^^^^^^^

warning: struct `MockEngineApi` is never constructed
  --> crates/test/tests/full_node/../common/mocks.rs:26:19
   |
26 | pub(crate) struct MockEngineApi {
   |                   ^^^^^^^^^^^^^

warning: method `with_payload` is never used
  --> crates/test/tests/full_node/../common/mocks.rs:33:19
   |
31 | impl MockEngineApi {
   | ------------------ method in this implementation
32 |     /// Register a payload/bundle pair to be returned by `get_payload_with_blobs`.
33 |     pub(crate) fn with_payload(
   |                   ^^^^^^^^^^^^

warning: struct `MockExecutionNotifier` is never constructed
   --> crates/test/tests/full_node/../common/mocks.rs:116:19
    |
116 | pub(crate) struct MockExecutionNotifier {
    |                   ^^^^^^^^^^^^^^^^^^^^^

warning: associated items `new` and `with_payload_status` are never used
   --> crates/test/tests/full_node/../common/mocks.rs:135:19
    |
134 | impl MockExecutionNotifier {
    | -------------------------- associated items in this implementation
135 |     pub(crate) fn new() -> Self {
    |                   ^^^
...
140 |     pub(crate) fn with_payload_status(self, status: PayloadStatus) -> Self {
    |                   ^^^^^^^^^^^^^^^^^^^

warning: unreachable `pub` item
 --> crates/test/tests/full_node/../common/mod.rs:8:1
  |
8 | pub mod mocks;
  | ---^^^^^^^^^^
  | |
  | help: consider restricting its visibility: `pub(super)`
  |
  = help: or consider exporting it for use by other crates
  = note: requested on the command line with `-W unreachable-pub`

warning: `ultramarine-test` (test "full_node") generated 18 warnings (run `cargo fix --test "full_node"` to apply 1 suggestion)
    Finished `test` profile [optimized + debuginfo] target(s) in 0.65s
     Running tests/full_node.rs (target/debug/deps/full_node-f824fa7959bd5721)

running 2 tests
